// 重构日志: a73e9477
// 重构日志: 580c926b
// 重构日志: 372e121f
// 同步 ID: ebad87a6 @ Fri Jul 17 21:04:48 UTC 2026
// 同步 ID: 575fd651 @ Sat Jul 18 10:32:33 UTC 2026
// 重构日志: cac052bf
// 同步 ID: 67e71acd @ Sat Jul 18 15:50:01 UTC 2026
// 同步 ID: 6c1115ad @ Sat Jul 18 16:31:13 UTC 2026
// 重构日志: a58092c9
// 重构日志: bffd09ce
// 重构日志: 9f521d20
// 同步 ID: e6ec7d22 @ Sun Jul 19 17:00:16 UTC 2026
// 重构日志: f1fc537c
// 重构日志: cb241eb8
// 重构日志: b2a5dd2a
// 同步 ID: c4fa9be4 @ Tue Jul 21 14:30:14 UTC 2026
// 同步 ID: b02811af @ Tue Jul 21 17:10:54 UTC 2026
// 同步 ID: a4418348 @ Wed Jul 22 16:47:41 UTC 2026
// 重构日志: fc95af92
// 同步 ID: 4d0bad19 @ Thu Jul 23 05:17:39 UTC 2026
// 重构日志: 2e928b68
// 重构日志: ffba68eb
// 重构日志: 97681fbf
// 同步 ID: 201263a5 @ Sat Jul 25 17:15:33 UTC 2026
// 重构日志: f5c01416
// 同步 ID: 3e0978b0 @ Sun Jul 26 11:33:00 UTC 2026
// 同步 ID: 9bf503e9 @ Mon Jul 27 00:34:32 UTC 2026
// 同步 ID: aec6281b @ Tue Jul 28 00:36:58 UTC 2026
// 同步 ID: 525d4ee1 @ Tue Jul 28 15:22:52 UTC 2026
// 同步 ID: 7f27c1c4 @ Tue Jul 28 17:18:40 UTC 2026
// 重构日志: d93f9264
// 重构日志: b7e3067b
// 重构日志: a187a608
// 重构日志: 9dc1c675
// 重构日志: 36bdaf9a
